// Jest Snapshot v1, https://goo.gl/fbAQLP

exports[`matches the snapshot 1`] = `
<div
  className="App"
>
  <div
    className="container"
  >
    <div
      className="content"
    >
      <p>
        Total Expenses: 
        0
      </p>
      <p>
        £
        0
      </p>
      <p>
        €
        0
      </p>
      <p>
        Kr.
        0
      </p>
      <div
        style={
          Object {
            "marginTop": "10px",
          }
        }
      >
        <svg
          fill="currentColor"
          height={20}
          onClick={[Function]}
          size={20}
          stroke="currentColor"
          strokeWidth="0"
          style={
            Object {
              "color": undefined,
              "cursor": "pointer",
            }
          }
          viewBox="0 0 24 24"
          width={20}
          xmlns="http://www.w3.org/2000/svg"
        >
          <path
            d="M17.65 6.35C16.2 4.9 14.21 4 12 4c-4.42 0-7.99 3.58-7.99 8s3.57 8 7.99 8c3.73 0 6.84-2.55 7.73-6h-2.08c-.82 2.33-3.04 4-5.65 4-3.31 0-6-2.69-6-6s2.69-6 6-6c1.66 0 3.14.69 4.22 1.78L13 11h7V4l-2.35 2.35z"
          />
        </svg>
      </div>
    </div>
  </div>
  <div>
    <div
      className="bm-overlay"
      onClick={[Function]}
      style={
        Object {
          "MozTransform": "translate3d(100%, 0, 0)",
          "MsTransform": "translate3d(100%, 0, 0)",
          "OTransform": "translate3d(100%, 0, 0)",
          "WebkitTransform": "translate3d(100%, 0, 0)",
          "background": "rgba(0, 0, 0, 0.3)",
          "height": "100%",
          "opacity": 0,
          "position": "fixed",
          "transform": "translate3d(100%, 0, 0)",
          "transition": "opacity 0.3s, transform 0s 0.3s",
          "width": "100%",
          "zIndex": 1000,
        }
      }
    />
    <div
      className="bm-menu-wrap"
      id=""
      style={
        Object {
          "MozTransform": "translate3d(-100%, 0, 0)",
          "MsTransform": "translate3d(-100%, 0, 0)",
          "OTransform": "translate3d(-100%, 0, 0)",
          "WebkitTransform": "translate3d(-100%, 0, 0)",
          "height": "100%",
          "position": "fixed",
          "right": "inherit",
          "transform": "translate3d(-100%, 0, 0)",
          "transition": "all 0.3s",
          "width": "300px",
          "zIndex": 1100,
        }
      }
    >
      <div
        className="bm-morph-shape"
        style={
          Object {
            "MozTransform": "",
            "MsTransform": "",
            "OTransform": "",
            "WebkitTransform": "",
            "height": "100%",
            "left": "inherit",
            "position": "absolute",
            "right": 0,
            "transform": "",
            "width": 120,
          }
        }
      >
        <svg
          height="100%"
          preserveAspectRatio="none"
          viewBox="0 0 100 800"
          width="100%"
        >
          <path
            d="M-1,0h101c0,0-97.833,153.603-97.833,396.167C2.167,627.579,100,800,100,800H-1V0z"
          />
        </svg>
      </div>
      <div
        className="bm-menu"
        style={
          Object {
            "boxSizing": "border-box",
            "height": "100%",
            "overflow": "visible",
            "position": "fixed",
            "right": "inherit",
            "whiteSpace": "nowrap",
            "width": 180,
          }
        }
      >
        <nav
          className="bm-item-list"
          style={
            Object {
              "height": "100%",
            }
          }
        >
          <a
            className="bm-item menu-item"
            href="/"
            style={
              Object {
                "display": "block",
              }
            }
            tabIndex={-1}
          >
            Home
          </a>
          <a
            className="bm-item menu-item"
            href="/expenses"
            style={
              Object {
                "display": "block",
              }
            }
            tabIndex={-1}
          >
            Expenses
          </a>
          <a
            className="bm-item menu-item"
            href="/Cards"
            style={
              Object {
                "display": "block",
              }
            }
            tabIndex={-1}
          >
            Virtual Cards
          </a>
          <a
            className="bm-item menu-item"
            href="/About"
            style={
              Object {
                "display": "block",
              }
            }
            tabIndex={-1}
          >
            About Pleo
          </a>
        </nav>
      </div>
      <div
        style={Object {}}
      >
        <div
          className="bm-cross-button"
          style={
            Object {
              "height": 24,
              "position": "absolute",
              "right": 8,
              "top": 8,
              "width": 24,
            }
          }
        >
          <span
            style={
              Object {
                "position": "absolute",
                "right": "14px",
                "top": "6px",
              }
            }
          >
            <span
              className="bm-cross"
              style={
                Object {
                  "height": 14,
                  "position": "absolute",
                  "transform": "rotate(45deg)",
                  "width": 3,
                }
              }
            />
            <span
              className="bm-cross"
              style={
                Object {
                  "height": 14,
                  "position": "absolute",
                  "transform": "rotate(-45deg)",
                  "width": 3,
                }
              }
            />
          </span>
          <button
            onClick={[Function]}
            style={
              Object {
                "background": "transparent",
                "border": "none",
                "cursor": "pointer",
                "fontSize": 0,
                "height": "100%",
                "left": 0,
                "margin": 0,
                "padding": 0,
                "position": "absolute",
                "top": 0,
                "width": "100%",
              }
            }
            tabIndex={-1}
          >
            Close Menu
          </button>
        </div>
      </div>
    </div>
    <div
      style={Object {}}
    >
      <div
        className="bm-burger-button"
        style={
          Object {
            "zIndex": 1000,
          }
        }
      >
        <span>
          <span
            className="bm-burger-bars"
            style={
              Object {
                "height": "20%",
                "left": 0,
                "opacity": 1,
                "position": "absolute",
                "right": 0,
                "top": "0%",
              }
            }
          />
          <span
            className="bm-burger-bars"
            style={
              Object {
                "height": "20%",
                "left": 0,
                "opacity": 1,
                "position": "absolute",
                "right": 0,
                "top": "40%",
              }
            }
          />
          <span
            className="bm-burger-bars"
            style={
              Object {
                "height": "20%",
                "left": 0,
                "opacity": 1,
                "position": "absolute",
                "right": 0,
                "top": "80%",
              }
            }
          />
        </span>
        <button
          onClick={[Function]}
          onMouseOut={[Function]}
          onMouseOver={[Function]}
          style={
            Object {
              "background": "transparent",
              "border": "none",
              "cursor": "pointer",
              "fontSize": 0,
              "height": "100%",
              "left": 0,
              "margin": 0,
              "padding": 0,
              "position": "absolute",
              "top": 0,
              "width": "100%",
            }
          }
        >
          Open Menu
        </button>
      </div>
    </div>
  </div>
  <div
    style={
      Object {
        "padding": 150,
        "transition": "all 1s",
      }
    }
  >
    <div
      style={
        Object {
          "background": "rgba(255, 51, 102, 1)",
          "border": "none",
          "borderRadius": 15,
          "color": "rgba(255, 51, 102, 1)",
          "fontFamily": "TwCent",
          "fontSize": "1rem",
          "height": "2rem",
          "margin": "auto",
          "outline": "none",
          "textAlign": "center",
          "transition": "all 1s",
          "width": "50%",
        }
      }
    >
      <input
        id="fltr"
        onChange={[Function]}
      />
      <img
        alt="search"
        className="searchIcon"
        src="search.svg"
      />
    </div>
    <select
      id="Currency"
      onChange={[Function]}
    >
      <option
        value="all"
      >
        All Currencies
      </option>
      <option
        value="GBP"
      >
        GBP
      </option>
      <option
        value="EUR"
      >
        EUR
      </option>
      <option
        value="DKK"
      >
        DKK
      </option>
    </select>
    <div
      className="sc-fMiknA gArxby"
      color="#f36"
      size="default"
      style={
        Object {
          "bottom": 0,
          "left": 0,
          "margin": "auto",
          "position": "absolute",
          "right": 0,
          "top": 0,
        }
      }
    />
  </div>
</div>
`;
